d:\visualengine\visualengine\external\directxtk\bin\desktop_2022\x64\debug\directxtk.pch
d:\visualengine\visualengine\external\directxtk\bin\desktop_2022\x64\debug\directxtk.pdb
d:\visualengine\visualengine\external\directxtk\bin\desktop_2022\x64\debug\pch.obj
d:\visualengine\visualengine\external\directxtk\bin\desktop_2022\x64\debug\dualpostprocess.obj
d:\visualengine\visualengine\external\directxtk\bin\desktop_2022\x64\debug\directxhelpers.obj
d:\visualengine\visualengine\external\directxtk\bin\desktop_2022\x64\debug\dgsleffectfactory.obj
d:\visualengine\visualengine\external\directxtk\bin\desktop_2022\x64\debug\dgsleffect.obj
d:\visualengine\visualengine\external\directxtk\bin\desktop_2022\x64\debug\debugeffect.obj
d:\visualengine\visualengine\external\directxtk\bin\desktop_2022\x64\debug\ddstextureloader.obj
d:\visualengine\visualengine\external\directxtk\bin\desktop_2022\x64\debug\commonstates.obj
d:\visualengine\visualengine\external\directxtk\bin\desktop_2022\x64\debug\bufferhelpers.obj
d:\visualengine\visualengine\external\directxtk\bin\desktop_2022\x64\debug\basicpostprocess.obj
d:\visualengine\visualengine\external\directxtk\bin\desktop_2022\x64\debug\basiceffect.obj
d:\visualengine\visualengine\external\directxtk\bin\desktop_2022\x64\debug\alphatesteffect.obj
d:\visualengine\visualengine\external\directxtk\bin\desktop_2022\x64\debug\wavfilereader.obj
d:\visualengine\visualengine\external\directxtk\bin\desktop_2022\x64\debug\wavebankreader.obj
d:\visualengine\visualengine\external\directxtk\bin\desktop_2022\x64\debug\wavebank.obj
d:\visualengine\visualengine\external\directxtk\bin\desktop_2022\x64\debug\soundstreaminstance.obj
d:\visualengine\visualengine\external\directxtk\bin\desktop_2022\x64\debug\soundeffectinstance.obj
d:\visualengine\visualengine\external\directxtk\bin\desktop_2022\x64\debug\soundeffect.obj
d:\visualengine\visualengine\external\directxtk\bin\desktop_2022\x64\debug\soundcommon.obj
d:\visualengine\visualengine\external\directxtk\bin\desktop_2022\x64\debug\dynamicsoundeffectinstance.obj
d:\visualengine\visualengine\external\directxtk\bin\desktop_2022\x64\debug\audioengine.obj
d:\visualengine\visualengine\external\directxtk\bin\desktop_2022\x64\debug\simplemath.obj
d:\visualengine\visualengine\external\directxtk\bin\desktop_2022\x64\debug\screengrab.obj
d:\visualengine\visualengine\external\directxtk\bin\desktop_2022\x64\debug\pbreffectfactory.obj
d:\visualengine\visualengine\external\directxtk\bin\desktop_2022\x64\debug\pbreffect.obj
d:\visualengine\visualengine\external\directxtk\bin\desktop_2022\x64\debug\normalmapeffect.obj
d:\visualengine\visualengine\external\directxtk\bin\desktop_2022\x64\debug\mouse.obj
d:\visualengine\visualengine\external\directxtk\bin\desktop_2022\x64\debug\modelloadvbo.obj
d:\visualengine\visualengine\external\directxtk\bin\desktop_2022\x64\debug\modelloadsdkmesh.obj
d:\visualengine\visualengine\external\directxtk\bin\desktop_2022\x64\debug\modelloadcmo.obj
d:\visualengine\visualengine\external\directxtk\bin\desktop_2022\x64\debug\model.obj
d:\visualengine\visualengine\external\directxtk\bin\desktop_2022\x64\debug\keyboard.obj
d:\visualengine\visualengine\external\directxtk\bin\desktop_2022\x64\debug\graphicsmemory.obj
d:\visualengine\visualengine\external\directxtk\bin\desktop_2022\x64\debug\geometry.obj
d:\visualengine\visualengine\external\directxtk\bin\desktop_2022\x64\debug\geometricprimitive.obj
d:\visualengine\visualengine\external\directxtk\bin\desktop_2022\x64\debug\gamepad.obj
d:\visualengine\visualengine\external\directxtk\bin\desktop_2022\x64\debug\environmentmapeffect.obj
d:\visualengine\visualengine\external\directxtk\bin\desktop_2022\x64\debug\effectfactory.obj
d:\visualengine\visualengine\external\directxtk\bin\desktop_2022\x64\debug\effectcommon.obj
d:\visualengine\visualengine\external\directxtk\bin\desktop_2022\x64\debug\binaryreader.obj
d:\visualengine\visualengine\external\directxtk\bin\desktop_2022\x64\debug\dualtextureeffect.obj
d:\visualengine\visualengine\external\directxtk\bin\desktop_2022\x64\debug\wictextureloader.obj
d:\visualengine\visualengine\external\directxtk\bin\desktop_2022\x64\debug\vertextypes.obj
d:\visualengine\visualengine\external\directxtk\bin\desktop_2022\x64\debug\tonemappostprocess.obj
d:\visualengine\visualengine\external\directxtk\bin\desktop_2022\x64\debug\spritefont.obj
d:\visualengine\visualengine\external\directxtk\bin\desktop_2022\x64\debug\primitivebatch.obj
d:\visualengine\visualengine\external\directxtk\bin\desktop_2022\x64\debug\spritebatch.obj
d:\visualengine\visualengine\external\directxtk\bin\desktop_2022\x64\debug\skinnedeffect.obj
d:\visualengine\visualengine\external\directxtk\bin\desktop_2022\x64\debug\directxtk.lib
d:\visualengine\visualengine\external\directxtk\bin\desktop_2022\x64\debug\directxt.e0b52ae7.tlog\cl.command.1.tlog
d:\visualengine\visualengine\external\directxtk\bin\desktop_2022\x64\debug\directxt.e0b52ae7.tlog\cl.items.tlog
d:\visualengine\visualengine\external\directxtk\bin\desktop_2022\x64\debug\directxt.e0b52ae7.tlog\cl.read.1.tlog
d:\visualengine\visualengine\external\directxtk\bin\desktop_2022\x64\debug\directxt.e0b52ae7.tlog\cl.write.1.tlog
d:\visualengine\visualengine\external\directxtk\bin\desktop_2022\x64\debug\directxt.e0b52ae7.tlog\lib-link.read.1.tlog
d:\visualengine\visualengine\external\directxtk\bin\desktop_2022\x64\debug\directxt.e0b52ae7.tlog\lib-link.write.1.tlog
d:\visualengine\visualengine\external\directxtk\bin\desktop_2022\x64\debug\directxt.e0b52ae7.tlog\lib.command.1.tlog
